------------------------------------------------------------
Timing Analyzer Summary
------------------------------------------------------------

Type  : Slow 1200mV 85C Model Setup 'clk'
Slack : -8.230
TNS   : -990.675

Type  : Slow 1200mV 85C Model Setup 's_state.IDLE'
Slack : -1.227
TNS   : -106.975

Type  : Slow 1200mV 85C Model Hold 's_state.IDLE'
Slack : 0.035
TNS   : 0.000

Type  : Slow 1200mV 85C Model Hold 'clk'
Slack : 0.342
TNS   : 0.000

Type  : Slow 1200mV 85C Model Minimum Pulse Width 'clk'
Slack : -3.000
TNS   : -175.000

Type  : Slow 1200mV 85C Model Minimum Pulse Width 's_state.IDLE'
Slack : 0.332
TNS   : 0.000

Type  : Slow 1200mV 0C Model Setup 'clk'
Slack : -7.247
TNS   : -881.619

Type  : Slow 1200mV 0C Model Setup 's_state.IDLE'
Slack : -1.119
TNS   : -97.565

Type  : Slow 1200mV 0C Model Hold 's_state.IDLE'
Slack : 0.149
TNS   : 0.000

Type  : Slow 1200mV 0C Model Hold 'clk'
Slack : 0.297
TNS   : 0.000

Type  : Slow 1200mV 0C Model Minimum Pulse Width 'clk'
Slack : -3.000
TNS   : -175.000

Type  : Slow 1200mV 0C Model Minimum Pulse Width 's_state.IDLE'
Slack : 0.421
TNS   : 0.000

Type  : Fast 1200mV 0C Model Setup 'clk'
Slack : -4.254
TNS   : -494.881

Type  : Fast 1200mV 0C Model Setup 's_state.IDLE'
Slack : -0.418
TNS   : -32.905

Type  : Fast 1200mV 0C Model Hold 's_state.IDLE'
Slack : 0.098
TNS   : 0.000

Type  : Fast 1200mV 0C Model Hold 'clk'
Slack : 0.179
TNS   : 0.000

Type  : Fast 1200mV 0C Model Minimum Pulse Width 'clk'
Slack : -3.000
TNS   : -186.184

Type  : Fast 1200mV 0C Model Minimum Pulse Width 's_state.IDLE'
Slack : 0.319
TNS   : 0.000

------------------------------------------------------------
