------------------------------------------------------------
Timing Analyzer Summary
------------------------------------------------------------

Type  : Slow 1200mV 85C Model Setup 'clk'
Slack : -8.762
TNS   : -969.554

Type  : Slow 1200mV 85C Model Setup 's_state.DATA'
Slack : -0.408
TNS   : -3.233

Type  : Slow 1200mV 85C Model Hold 'clk'
Slack : 0.356
TNS   : 0.000

Type  : Slow 1200mV 85C Model Hold 's_state.DATA'
Slack : 0.367
TNS   : 0.000

Type  : Slow 1200mV 85C Model Minimum Pulse Width 'clk'
Slack : -3.000
TNS   : -191.000

Type  : Slow 1200mV 85C Model Minimum Pulse Width 's_state.DATA'
Slack : 0.408
TNS   : 0.000

Type  : Slow 1200mV 0C Model Setup 'clk'
Slack : -7.780
TNS   : -859.501

Type  : Slow 1200mV 0C Model Setup 's_state.DATA'
Slack : -0.391
TNS   : -3.105

Type  : Slow 1200mV 0C Model Hold 'clk'
Slack : 0.310
TNS   : 0.000

Type  : Slow 1200mV 0C Model Hold 's_state.DATA'
Slack : 0.454
TNS   : 0.000

Type  : Slow 1200mV 0C Model Minimum Pulse Width 'clk'
Slack : -3.000
TNS   : -191.000

Type  : Slow 1200mV 0C Model Minimum Pulse Width 's_state.DATA'
Slack : 0.486
TNS   : 0.000

Type  : Fast 1200mV 0C Model Setup 'clk'
Slack : -4.524
TNS   : -476.155

Type  : Fast 1200mV 0C Model Setup 's_state.DATA'
Slack : 0.034
TNS   : 0.000

Type  : Fast 1200mV 0C Model Hold 'clk'
Slack : 0.186
TNS   : 0.000

Type  : Fast 1200mV 0C Model Hold 's_state.DATA'
Slack : 0.349
TNS   : 0.000

Type  : Fast 1200mV 0C Model Minimum Pulse Width 'clk'
Slack : -3.000
TNS   : -203.312

Type  : Fast 1200mV 0C Model Minimum Pulse Width 's_state.DATA'
Slack : 0.388
TNS   : 0.000

------------------------------------------------------------
